comm <(ls base-guide-stable/WEB-INF/lib) <(ls base-guide/WEB-INF/lib)

--Find file with name:
$ find . -name "*renewal*"

-- find file containing text
grep -irnw '.' -e "FriendRequest"
--include next line
cat proxy.json | grep "proxy\": {" -A 2
--exclude dir
grep -irnw --exclude-dir=.git '.' -e "pstream Mobile UA Detect Regex"

--tail inverse match
tail -400f /usr/local/tomcat/logs/app.log | egrep -v "quicklinksrss"

 find . -iname  "*.*" -print0 | xargs -0 grep -l "[0-9] Military Advantage" | grep -v ".svn" | grep -v "/*.java" |grep -v "/*.xml" |grep -v "/*.txt" >output.txt

rm -rf 'find . -type d -name .svn'
or
find ./ -name ".svn" | xargs rm -Rf

--find file and execute
find . -type f -name "*.xhtml" -exec dos2unix {} \;

--find files using regex
find . -regextype posix-extended -regex '.*Bashar-Assad-[0-9]{2}-[a-zA-Z]{3}-[0-9]{4}.*\.jpeg' -type f

Remove directory:
rm -rf dir

--view meta inf manifest file
unzip -p rt.jar META-INF/MANIFEST.MF

copy folder remote:
scp -r sfargose@sfpsvc03.military.com:/data/military/lucene/db/build/NickNameIDX /tmp/

Leave terminal:
nohup command-name > log.txt &
e.g. nohup /sops/scripts/lucene_indexer.sh full &

--check directory size:
du -sh directory_name
--Get all directories greater than 100MB
du -m . | perl -ne '@l = split();print "@l\n" if $l[0]>=100'
or
--here $1 is for first column 
du -sm * | awk '$1 > 1'

--Get total file size of particular file extension oldern than days
sudo find . -mtime -55 -iname '*.jpeg' -print0 | du --files0-from - --total --summarize | tail -1


$ ps -ef | grep java
$ ps aux | egrep '(click_through|logger)' | grep -v grep

$ sudo /etc/init.d/jboss start

tail -400f /usr/local/fatwire/futuretense.txt | egrep 'OrderedListenerInvoker|HoldAssetEventsPublishingListener'

$sudo strace -fp 17739 -s 2000 -o /tmp/strace.`date -I`
Process 17739 attached - interrupt to quit

/bin/sh /tmp/click_through_backfill.sh | logger -t tracking 2>&1

--user agent curl
curl -Lvso /dev/null -A "Mozilla/5.0 (iPhone; U; CPU like Mac OS X; en) AppleWebKit/420+ (KHTML, like Gecko) Version/3.0 Mobile/1A543a Safari/419.3" http://phone.military.com/video/

--curl for proxy url
curl -L -H "host: www.military.com" http://proxy06.military.com/hiring-vets| grep "Veteran Employer Resource Center"

--Update file permission for gradlew
git update-index --chmod=+x gradlew

--install .deb file
dkpg -i packageName.deb

--create a tar file from folder and put in temp folder
tar -zcvf /tmp/unitpages.tgz /usr/local/tomcat/webapps/unitpages  (c for create)
tar -zxvf foo.tar.gz -C /tmp/bar (other way around, x for extract)

--copy remote server file to windows current dir
pscp sfargose@sfqtc01.military.com:/tmp/unitpage.tgz .

--Copy local file to remote server
scp  /cygdrive/c/Servers/jboss/jboss-4.2.2.GA/server/all/deploy/newsletter-subscription-service.war sfargose@sfdsvc01.military.com:/tmp
scp sfargose@sfdweb200.military.com:/usr/local/tomcat/webapps/base-guide.war sfargose@sfdweb201.military.com:/tmp

--get location of java
readlink -f $(which java)

--change owner of folder
sudo chown -R hduser:hadoop /usr/local/hbase/

sudo chown -R tomcat:web /data/fatwire/Storage/maImageAsset/maImageAsset/560/986/

netstat -plten | grep java

--send mail
 mailx -a /tmp/chef-run-log.log stany.fargose@monster.com (ctrl+D to end body)
 
--copy existing key in .ssh in unix
puttyGen-->Load existing key-->export openSSh key-->copy file in ~/.ssh folder-->chmod 700 --> ssh-keygen -p -f fileName

$ dig @10.33.5.3 sfsfat02.stage.military.com +short
10.33.89.44

--restart dns service
tbushnell@ns01.qa.military.com      ~
$ sudo service dnsmasq restart

--Get max time difference
cat data/time.txt | cut -d':' -f2- | awk  '{system("date +\"%s\" --date=\"" $0 "\"")}' | sed 'N; s/\n/-/; s/.*/echo \$((&))/e' | sort -r | tail -1

--Replace text "INFO" in file with "ERROR"
sed -i -e 's/INFO/ERROR/g' data/log4j.properties

-- load balancer issues (http://www.military.com/bm)
--restart keepalived
service keepalived restart




